------------------------------------------------------------
Timing Analyzer Summary
------------------------------------------------------------

Type  : Slow 1200mV 85C Model Setup 'display:U2|VGA:U4|vga25MHz:U0|clk_div'
Slack : -11.468
TNS   : -379.319

Type  : Slow 1200mV 85C Model Setup 'clk'
Slack : -6.270
TNS   : -88.631

Type  : Slow 1200mV 85C Model Setup 'DIV1Hz:U0|clk_div'
Slack : -1.775
TNS   : -19.382

Type  : Slow 1200mV 85C Model Hold 'DIV1Hz:U0|clk_div'
Slack : 0.403
TNS   : 0.000

Type  : Slow 1200mV 85C Model Hold 'clk'
Slack : 0.630
TNS   : 0.000

Type  : Slow 1200mV 85C Model Hold 'display:U2|VGA:U4|vga25MHz:U0|clk_div'
Slack : 0.639
TNS   : 0.000

Type  : Slow 1200mV 85C Model Minimum Pulse Width 'clk'
Slack : -3.000
TNS   : -46.690

Type  : Slow 1200mV 85C Model Minimum Pulse Width 'display:U2|VGA:U4|vga25MHz:U0|clk_div'
Slack : -1.285
TNS   : -87.380

Type  : Slow 1200mV 85C Model Minimum Pulse Width 'DIV1Hz:U0|clk_div'
Slack : -1.285
TNS   : -20.560

Type  : Slow 1200mV 0C Model Setup 'display:U2|VGA:U4|vga25MHz:U0|clk_div'
Slack : -10.260
TNS   : -334.903

Type  : Slow 1200mV 0C Model Setup 'clk'
Slack : -5.632
TNS   : -76.212

Type  : Slow 1200mV 0C Model Setup 'DIV1Hz:U0|clk_div'
Slack : -1.544
TNS   : -16.183

Type  : Slow 1200mV 0C Model Hold 'DIV1Hz:U0|clk_div'
Slack : 0.354
TNS   : 0.000

Type  : Slow 1200mV 0C Model Hold 'clk'
Slack : 0.576
TNS   : 0.000

Type  : Slow 1200mV 0C Model Hold 'display:U2|VGA:U4|vga25MHz:U0|clk_div'
Slack : 0.585
TNS   : 0.000

Type  : Slow 1200mV 0C Model Minimum Pulse Width 'clk'
Slack : -3.000
TNS   : -46.690

Type  : Slow 1200mV 0C Model Minimum Pulse Width 'display:U2|VGA:U4|vga25MHz:U0|clk_div'
Slack : -1.285
TNS   : -87.380

Type  : Slow 1200mV 0C Model Minimum Pulse Width 'DIV1Hz:U0|clk_div'
Slack : -1.285
TNS   : -20.560

Type  : Fast 1200mV 0C Model Setup 'display:U2|VGA:U4|vga25MHz:U0|clk_div'
Slack : -5.025
TNS   : -148.486

Type  : Fast 1200mV 0C Model Setup 'clk'
Slack : -2.544
TNS   : -27.236

Type  : Fast 1200mV 0C Model Setup 'DIV1Hz:U0|clk_div'
Slack : -0.323
TNS   : -2.015

Type  : Fast 1200mV 0C Model Hold 'DIV1Hz:U0|clk_div'
Slack : 0.182
TNS   : 0.000

Type  : Fast 1200mV 0C Model Hold 'clk'
Slack : 0.285
TNS   : 0.000

Type  : Fast 1200mV 0C Model Hold 'display:U2|VGA:U4|vga25MHz:U0|clk_div'
Slack : 0.291
TNS   : 0.000

Type  : Fast 1200mV 0C Model Minimum Pulse Width 'clk'
Slack : -3.000
TNS   : -46.915

Type  : Fast 1200mV 0C Model Minimum Pulse Width 'display:U2|VGA:U4|vga25MHz:U0|clk_div'
Slack : -1.000
TNS   : -68.000

Type  : Fast 1200mV 0C Model Minimum Pulse Width 'DIV1Hz:U0|clk_div'
Slack : -1.000
TNS   : -16.000

------------------------------------------------------------
