------------------------------------------------------------
Timing Analyzer Summary
------------------------------------------------------------

Type  : Slow 1200mV 85C Model Setup 'display:U2|VGA:U4|vga25MHz:U0|clk_div'
Slack : -11.878
TNS   : -387.095

Type  : Slow 1200mV 85C Model Setup 'clk'
Slack : -6.383
TNS   : -90.362

Type  : Slow 1200mV 85C Model Setup 'DIV1Hz:U0|clk_div'
Slack : -1.844
TNS   : -19.730

Type  : Slow 1200mV 85C Model Hold 'DIV1Hz:U0|clk_div'
Slack : 0.406
TNS   : 0.000

Type  : Slow 1200mV 85C Model Hold 'clk'
Slack : 0.632
TNS   : 0.000

Type  : Slow 1200mV 85C Model Hold 'display:U2|VGA:U4|vga25MHz:U0|clk_div'
Slack : 0.638
TNS   : 0.000

Type  : Slow 1200mV 85C Model Minimum Pulse Width 'clk'
Slack : -3.000
TNS   : -46.690

Type  : Slow 1200mV 85C Model Minimum Pulse Width 'display:U2|VGA:U4|vga25MHz:U0|clk_div'
Slack : -1.285
TNS   : -87.380

Type  : Slow 1200mV 85C Model Minimum Pulse Width 'DIV1Hz:U0|clk_div'
Slack : -1.285
TNS   : -20.560

Type  : Slow 1200mV 0C Model Setup 'display:U2|VGA:U4|vga25MHz:U0|clk_div'
Slack : -10.602
TNS   : -340.874

Type  : Slow 1200mV 0C Model Setup 'clk'
Slack : -5.793
TNS   : -78.298

Type  : Slow 1200mV 0C Model Setup 'DIV1Hz:U0|clk_div'
Slack : -1.611
TNS   : -16.620

Type  : Slow 1200mV 0C Model Hold 'DIV1Hz:U0|clk_div'
Slack : 0.356
TNS   : 0.000

Type  : Slow 1200mV 0C Model Hold 'clk'
Slack : 0.577
TNS   : 0.000

Type  : Slow 1200mV 0C Model Hold 'display:U2|VGA:U4|vga25MHz:U0|clk_div'
Slack : 0.586
TNS   : 0.000

Type  : Slow 1200mV 0C Model Minimum Pulse Width 'clk'
Slack : -3.000
TNS   : -46.690

Type  : Slow 1200mV 0C Model Minimum Pulse Width 'display:U2|VGA:U4|vga25MHz:U0|clk_div'
Slack : -1.285
TNS   : -87.380

Type  : Slow 1200mV 0C Model Minimum Pulse Width 'DIV1Hz:U0|clk_div'
Slack : -1.285
TNS   : -20.560

Type  : Fast 1200mV 0C Model Setup 'display:U2|VGA:U4|vga25MHz:U0|clk_div'
Slack : -5.225
TNS   : -153.361

Type  : Fast 1200mV 0C Model Setup 'clk'
Slack : -2.620
TNS   : -28.569

Type  : Fast 1200mV 0C Model Setup 'DIV1Hz:U0|clk_div'
Slack : -0.351
TNS   : -2.385

Type  : Fast 1200mV 0C Model Hold 'DIV1Hz:U0|clk_div'
Slack : 0.182
TNS   : 0.000

Type  : Fast 1200mV 0C Model Hold 'clk'
Slack : 0.286
TNS   : 0.000

Type  : Fast 1200mV 0C Model Hold 'display:U2|VGA:U4|vga25MHz:U0|clk_div'
Slack : 0.292
TNS   : 0.000

Type  : Fast 1200mV 0C Model Minimum Pulse Width 'clk'
Slack : -3.000
TNS   : -46.951

Type  : Fast 1200mV 0C Model Minimum Pulse Width 'display:U2|VGA:U4|vga25MHz:U0|clk_div'
Slack : -1.000
TNS   : -68.000

Type  : Fast 1200mV 0C Model Minimum Pulse Width 'DIV1Hz:U0|clk_div'
Slack : -1.000
TNS   : -16.000

------------------------------------------------------------
