------------------------------------------------------------
TimeQuest Timing Analyzer Summary
------------------------------------------------------------

Type  : Slow 1200mV 85C Model Setup 'VGA:U0|vga25MHz:U0|clk_div'
Slack : -11.730
TNS   : -381.038

Type  : Slow 1200mV 85C Model Setup 'entradaOPf'
Slack : -7.511
TNS   : -411.031

Type  : Slow 1200mV 85C Model Setup 'relojFUNC:U1|relojFUNCIONA:U0|relojTOTAL:U0|divisor60SEG:U0|Fo'
Slack : -5.446
TNS   : -453.172

Type  : Slow 1200mV 85C Model Setup 'clkRTf'
Slack : -5.439
TNS   : -97.500

Type  : Slow 1200mV 85C Model Setup 'relojFUNC:U1|relojFUNCIONA:U0|fijarHora:U1|contadorMIN[0]'
Slack : -3.007
TNS   : -50.350

Type  : Slow 1200mV 85C Model Setup 'inHORf'
Slack : -2.726
TNS   : -56.116

Type  : Slow 1200mV 85C Model Setup 'inMINf'
Slack : -2.723
TNS   : -55.380

Type  : Slow 1200mV 85C Model Setup 'relojFUNC:U1|relojFUNCIONA:U0|fijarHora2:U2|contadorHOR[0]'
Slack : -2.229
TNS   : -51.119

Type  : Slow 1200mV 85C Model Setup 'clok'
Slack : 0.200
TNS   : 0.000

Type  : Slow 1200mV 85C Model Hold 'entradaOPf'
Slack : -8.332
TNS   : -399.373

Type  : Slow 1200mV 85C Model Hold 'inHORf'
Slack : -2.210
TNS   : -37.994

Type  : Slow 1200mV 85C Model Hold 'inMINf'
Slack : -2.051
TNS   : -32.961

Type  : Slow 1200mV 85C Model Hold 'relojFUNC:U1|relojFUNCIONA:U0|fijarHora2:U2|contadorHOR[0]'
Slack : -1.705
TNS   : -1.705

Type  : Slow 1200mV 85C Model Hold 'relojFUNC:U1|relojFUNCIONA:U0|fijarHora:U1|contadorMIN[0]'
Slack : -1.164
TNS   : -1.164

Type  : Slow 1200mV 85C Model Hold 'clok'
Slack : -0.404
TNS   : -0.404

Type  : Slow 1200mV 85C Model Hold 'clkRTf'
Slack : -0.043
TNS   : -0.043

Type  : Slow 1200mV 85C Model Hold 'relojFUNC:U1|relojFUNCIONA:U0|relojTOTAL:U0|divisor60SEG:U0|Fo'
Slack : 0.405
TNS   : 0.000

Type  : Slow 1200mV 85C Model Hold 'VGA:U0|vga25MHz:U0|clk_div'
Slack : 0.639
TNS   : 0.000

Type  : Slow 1200mV 85C Model Recovery 'inHORf'
Slack : -3.419
TNS   : -98.299

Type  : Slow 1200mV 85C Model Recovery 'inMINf'
Slack : -3.261
TNS   : -100.688

Type  : Slow 1200mV 85C Model Removal 'inHORf'
Slack : -0.597
TNS   : -18.550

Type  : Slow 1200mV 85C Model Removal 'inMINf'
Slack : -0.188
TNS   : -5.261

Type  : Slow 1200mV 85C Model Minimum Pulse Width 'entradaOPf'
Slack : -5.026
TNS   : -1885.386

Type  : Slow 1200mV 85C Model Minimum Pulse Width 'clkRTf'
Slack : -3.000
TNS   : -46.690

Type  : Slow 1200mV 85C Model Minimum Pulse Width 'inHORf'
Slack : -3.000
TNS   : -44.120

Type  : Slow 1200mV 85C Model Minimum Pulse Width 'inMINf'
Slack : -3.000
TNS   : -44.120

Type  : Slow 1200mV 85C Model Minimum Pulse Width 'clok'
Slack : -3.000
TNS   : -4.285

Type  : Slow 1200mV 85C Model Minimum Pulse Width 'relojFUNC:U1|relojFUNCIONA:U0|relojTOTAL:U0|divisor60SEG:U0|Fo'
Slack : -1.285
TNS   : -132.355

Type  : Slow 1200mV 85C Model Minimum Pulse Width 'VGA:U0|vga25MHz:U0|clk_div'
Slack : -1.285
TNS   : -87.380

Type  : Slow 1200mV 85C Model Minimum Pulse Width 'relojFUNC:U1|relojFUNCIONA:U0|fijarHora:U1|contadorMIN[0]'
Slack : 0.430
TNS   : 0.000

Type  : Slow 1200mV 85C Model Minimum Pulse Width 'relojFUNC:U1|relojFUNCIONA:U0|fijarHora2:U2|contadorHOR[0]'
Slack : 0.432
TNS   : 0.000

Type  : Slow 1200mV 0C Model Setup 'VGA:U0|vga25MHz:U0|clk_div'
Slack : -10.477
TNS   : -335.753

Type  : Slow 1200mV 0C Model Setup 'entradaOPf'
Slack : -7.098
TNS   : -389.537

Type  : Slow 1200mV 0C Model Setup 'relojFUNC:U1|relojFUNCIONA:U0|relojTOTAL:U0|divisor60SEG:U0|Fo'
Slack : -4.829
TNS   : -399.753

Type  : Slow 1200mV 0C Model Setup 'clkRTf'
Slack : -4.804
TNS   : -84.001

Type  : Slow 1200mV 0C Model Setup 'relojFUNC:U1|relojFUNCIONA:U0|fijarHora:U1|contadorMIN[0]'
Slack : -2.681
TNS   : -42.615

Type  : Slow 1200mV 0C Model Setup 'inHORf'
Slack : -2.324
TNS   : -46.907

Type  : Slow 1200mV 0C Model Setup 'inMINf'
Slack : -2.302
TNS   : -46.354

Type  : Slow 1200mV 0C Model Setup 'relojFUNC:U1|relojFUNCIONA:U0|fijarHora2:U2|contadorHOR[0]'
Slack : -1.941
TNS   : -43.044

Type  : Slow 1200mV 0C Model Setup 'clok'
Slack : 0.233
TNS   : 0.000

Type  : Slow 1200mV 0C Model Hold 'entradaOPf'
Slack : -7.373
TNS   : -352.071

Type  : Slow 1200mV 0C Model Hold 'inHORf'
Slack : -2.033
TNS   : -36.391

Type  : Slow 1200mV 0C Model Hold 'inMINf'
Slack : -1.881
TNS   : -31.613

Type  : Slow 1200mV 0C Model Hold 'relojFUNC:U1|relojFUNCIONA:U0|fijarHora2:U2|contadorHOR[0]'
Slack : -1.596
TNS   : -1.596

Type  : Slow 1200mV 0C Model Hold 'relojFUNC:U1|relojFUNCIONA:U0|fijarHora:U1|contadorMIN[0]'
Slack : -1.092
TNS   : -1.092

Type  : Slow 1200mV 0C Model Hold 'clok'
Slack : -0.370
TNS   : -0.370

Type  : Slow 1200mV 0C Model Hold 'clkRTf'
Slack : 0.026
TNS   : 0.000

Type  : Slow 1200mV 0C Model Hold 'relojFUNC:U1|relojFUNCIONA:U0|relojTOTAL:U0|divisor60SEG:U0|Fo'
Slack : 0.354
TNS   : 0.000

Type  : Slow 1200mV 0C Model Hold 'VGA:U0|vga25MHz:U0|clk_div'
Slack : 0.585
TNS   : 0.000

Type  : Slow 1200mV 0C Model Recovery 'inHORf'
Slack : -3.025
TNS   : -85.923

Type  : Slow 1200mV 0C Model Recovery 'inMINf'
Slack : -2.826
TNS   : -87.248

Type  : Slow 1200mV 0C Model Removal 'inHORf'
Slack : -0.524
TNS   : -16.217

Type  : Slow 1200mV 0C Model Removal 'inMINf'
Slack : -0.159
TNS   : -4.433

Type  : Slow 1200mV 0C Model Minimum Pulse Width 'entradaOPf'
Slack : -4.572
TNS   : -1670.212

Type  : Slow 1200mV 0C Model Minimum Pulse Width 'clkRTf'
Slack : -3.000
TNS   : -46.690

Type  : Slow 1200mV 0C Model Minimum Pulse Width 'inHORf'
Slack : -3.000
TNS   : -44.120

Type  : Slow 1200mV 0C Model Minimum Pulse Width 'inMINf'
Slack : -3.000
TNS   : -44.120

Type  : Slow 1200mV 0C Model Minimum Pulse Width 'clok'
Slack : -3.000
TNS   : -4.285

Type  : Slow 1200mV 0C Model Minimum Pulse Width 'relojFUNC:U1|relojFUNCIONA:U0|relojTOTAL:U0|divisor60SEG:U0|Fo'
Slack : -1.285
TNS   : -132.355

Type  : Slow 1200mV 0C Model Minimum Pulse Width 'VGA:U0|vga25MHz:U0|clk_div'
Slack : -1.285
TNS   : -87.380

Type  : Slow 1200mV 0C Model Minimum Pulse Width 'relojFUNC:U1|relojFUNCIONA:U0|fijarHora2:U2|contadorHOR[0]'
Slack : 0.430
TNS   : 0.000

Type  : Slow 1200mV 0C Model Minimum Pulse Width 'relojFUNC:U1|relojFUNCIONA:U0|fijarHora:U1|contadorMIN[0]'
Slack : 0.440
TNS   : 0.000

Type  : Fast 1200mV 0C Model Setup 'VGA:U0|vga25MHz:U0|clk_div'
Slack : -5.173
TNS   : -151.457

Type  : Fast 1200mV 0C Model Setup 'entradaOPf'
Slack : -2.968
TNS   : -164.295

Type  : Fast 1200mV 0C Model Setup 'relojFUNC:U1|relojFUNCIONA:U0|relojTOTAL:U0|divisor60SEG:U0|Fo'
Slack : -2.241
TNS   : -177.437

Type  : Fast 1200mV 0C Model Setup 'clkRTf'
Slack : -2.128
TNS   : -31.824

Type  : Fast 1200mV 0C Model Setup 'relojFUNC:U1|relojFUNCIONA:U0|fijarHora:U1|contadorMIN[0]'
Slack : -1.483
TNS   : -23.764

Type  : Fast 1200mV 0C Model Setup 'relojFUNC:U1|relojFUNCIONA:U0|fijarHora2:U2|contadorHOR[0]'
Slack : -1.088
TNS   : -24.917

Type  : Fast 1200mV 0C Model Setup 'inMINf'
Slack : -0.859
TNS   : -11.515

Type  : Fast 1200mV 0C Model Setup 'inHORf'
Slack : -0.849
TNS   : -11.748

Type  : Fast 1200mV 0C Model Setup 'clok'
Slack : 0.467
TNS   : 0.000

Type  : Fast 1200mV 0C Model Hold 'entradaOPf'
Slack : -4.544
TNS   : -222.969

Type  : Fast 1200mV 0C Model Hold 'inHORf'
Slack : -1.521
TNS   : -31.800

Type  : Fast 1200mV 0C Model Hold 'inMINf'
Slack : -1.433
TNS   : -28.795

Type  : Fast 1200mV 0C Model Hold 'relojFUNC:U1|relojFUNCIONA:U0|fijarHora2:U2|contadorHOR[0]'
Slack : -0.750
TNS   : -0.750

Type  : Fast 1200mV 0C Model Hold 'relojFUNC:U1|relojFUNCIONA:U0|fijarHora:U1|contadorMIN[0]'
Slack : -0.434
TNS   : -0.434

Type  : Fast 1200mV 0C Model Hold 'clok'
Slack : -0.347
TNS   : -0.347

Type  : Fast 1200mV 0C Model Hold 'clkRTf'
Slack : -0.174
TNS   : -0.174

Type  : Fast 1200mV 0C Model Hold 'relojFUNC:U1|relojFUNCIONA:U0|relojTOTAL:U0|divisor60SEG:U0|Fo'
Slack : 0.183
TNS   : 0.000

Type  : Fast 1200mV 0C Model Hold 'VGA:U0|vga25MHz:U0|clk_div'
Slack : 0.290
TNS   : 0.000

Type  : Fast 1200mV 0C Model Recovery 'inHORf'
Slack : -1.167
TNS   : -31.227

Type  : Fast 1200mV 0C Model Recovery 'inMINf'
Slack : -1.135
TNS   : -34.152

Type  : Fast 1200mV 0C Model Removal 'inHORf'
Slack : -0.793
TNS   : -25.180

Type  : Fast 1200mV 0C Model Removal 'inMINf'
Slack : -0.569
TNS   : -17.750

Type  : Fast 1200mV 0C Model Minimum Pulse Width 'entradaOPf'
Slack : -3.000
TNS   : -845.737

Type  : Fast 1200mV 0C Model Minimum Pulse Width 'inHORf'
Slack : -3.000
TNS   : -43.358

Type  : Fast 1200mV 0C Model Minimum Pulse Width 'inMINf'
Slack : -3.000
TNS   : -41.690

Type  : Fast 1200mV 0C Model Minimum Pulse Width 'clkRTf'
Slack : -3.000
TNS   : -38.960

Type  : Fast 1200mV 0C Model Minimum Pulse Width 'clok'
Slack : -3.000
TNS   : -4.000

Type  : Fast 1200mV 0C Model Minimum Pulse Width 'relojFUNC:U1|relojFUNCIONA:U0|relojTOTAL:U0|divisor60SEG:U0|Fo'
Slack : -1.000
TNS   : -103.000

Type  : Fast 1200mV 0C Model Minimum Pulse Width 'VGA:U0|vga25MHz:U0|clk_div'
Slack : -1.000
TNS   : -68.000

Type  : Fast 1200mV 0C Model Minimum Pulse Width 'relojFUNC:U1|relojFUNCIONA:U0|fijarHora2:U2|contadorHOR[0]'
Slack : 0.391
TNS   : 0.000

Type  : Fast 1200mV 0C Model Minimum Pulse Width 'relojFUNC:U1|relojFUNCIONA:U0|fijarHora:U1|contadorMIN[0]'
Slack : 0.411
TNS   : 0.000

------------------------------------------------------------
